// Jest Snapshot v1, https://goo.gl/fbAQLP

exports[`prettyprint sentence 1`] = `"Lorem ipsum dolor sit amet, consectetur adipiscing elit, sed do eiusmod tempor incididunt ut labore et dolore magna aliqua. Ut enim ad minim veniam, quis nostrud exercitation ullamco laboris nisi ut aliquip ex ea commodo consequat. Duis aute irure dolor in reprehenderit in voluptate velit esse cillum dolore eu fugiat nulla pariatur. Excepteur sint occaecat cupidatat non proident, sunt in culpa qui officia deserunt mollit anim id est laborum."`;

exports[`prettyprint sentence 2`] = `
"Lorem ipsum dolor sit amet, consectetur adipiscing elit, sed do eiusmod tempor
incididunt ut labore et dolore magna aliqua. Ut enim ad minim veniam, quis
nostrud exercitation ullamco laboris nisi ut aliquip ex ea commodo consequat.
Duis aute irure dolor in reprehenderit in voluptate velit esse cillum dolore eu
fugiat nulla pariatur. Excepteur sint occaecat cupidatat non proident, sunt in
culpa qui officia deserunt mollit anim id est laborum."
`;

exports[`prettyprint sentence 3`] = `
"Lorem
ipsum
dolor
sit
amet,
consectetur
adipiscing
elit,
sed
do
eiusmod
tempor
incididunt
ut
labore
et
dolore
magna
aliqua.
Ut
enim
ad
minim
veniam,
quis
nostrud
exercitation
ullamco
laboris
nisi
ut
aliquip
ex
ea
commodo
consequat.
Duis
aute
irure
dolor
in
reprehenderit
in
voluptate
velit
esse
cillum
dolore
eu
fugiat
nulla
pariatur.
Excepteur
sint
occaecat
cupidatat
non
proident,
sunt
in
culpa
qui
officia
deserunt
mollit
anim
id
est
laborum."
`;

exports[`prettyprint sentence 4`] = `"Loremipsumdolorsitamet,consecteturadipiscingelit,seddoeiusmodtemporincididuntutlaboreetdoloremagnaaliqua.Utenimadminimveniam,quisnostrudexercitationullamcolaborisnisiutaliquipexeacommodoconsequat.Duisauteiruredolorinreprehenderitinvoluptatevelitessecillumdoloreeufugiatnullapariatur.Excepteursintoccaecatcupidatatnonproident,suntinculpaquiofficiadeseruntmollitanimidestlaborum."`;

exports[`prettyprint tree 1`] = `
"aaa[bbbbb[ccc,
          dd],
    eee,
    ffff[gg,
         hhh,
         ii]]"
`;

exports[`prettyprint tree 2`] = `
"aaa[
  bbbbb[
    ccc,
    dd
  ],
  eee,
  ffff[
    gg,
    hhh,
    ii
  ]
]"
`;
